---
http_interactions:
- request:
    method: get
    uri: https://api.themoviedb.org/3/movie/455476
    body:
      encoding: US-ASCII
      string: ''
    headers:
      Authorization:
      - Hide_API
      User-Agent:
      - Faraday v2.7.10
      Accept-Encoding:
      - gzip;q=1.0,deflate;q=0.6,identity;q=0.3
      Accept:
      - "*/*"
  response:
    status:
      code: 200
      message: OK
    headers:
      Content-Type:
      - application/json;charset=utf-8
      Transfer-Encoding:
      - chunked
      Connection:
      - keep-alive
      Date:
      - Fri, 07 Jul 2023 14:33:35 GMT
      Server:
      - openresty
      Cache-Control:
      - public, max-age=21937
      X-Memc:
      - HIT
      X-Memc-Key:
      - 50e253f7e3769df8918cea1862b1c972
      X-Memc-Age:
      - '4705'
      X-Memc-Expires:
      - '19133'
      Etag:
      - W/"9b7c798337abb7ed4e527dfb13c62568"
      Vary:
      - Accept-Encoding
      - Origin
      X-Cache:
      - Hit from cloudfront
      Via:
      - 1.1 738984066968793a5714282f49fe0ab8.cloudfront.net (CloudFront)
      X-Amz-Cf-Pop:
      - IAD89-C3
      Alt-Svc:
      - h3=":443"; ma=86400
      X-Amz-Cf-Id:
      - s3CN7aSNmHO897Z4pmuJJ9cNWak_ITAokRQMTlZQaOew5Ih_m7xImg==
      Age:
      - '19303'
    body:
      encoding: ASCII-8BIT
      string: '{"adult":false,"backdrop_path":"/oqP1qEZccq5AD9TVTIaO6IGUj7o.jpg","belongs_to_collection":null,"budget":60000000,"genres":[{"id":14,"name":"Fantasy"},{"id":28,"name":"Action"},{"id":12,"name":"Adventure"}],"homepage":"https://kotzmovie.com","id":455476,"imdb_id":"tt6528290","original_language":"en","original_title":"Knights
        of the Zodiac","overview":"When a headstrong street orphan, Seiya, in search
        of his abducted sister unwittingly taps into hidden powers, he discovers he
        might be the only person alive who can protect a reincarnated goddess, sent
        to watch over humanity. Can he let his past go and embrace his destiny to
        become a Knight of the Zodiac?","popularity":3369.887,"poster_path":"/qW4crfED8mpNDadSmMdi7ZDzhXF.jpg","production_companies":[{"id":11341,"logo_path":"/xytTBODEy3p20ksHL4Ftxr483Iv.png","name":"Stage
        6 Films","origin_country":"US"},{"id":5542,"logo_path":"/ayE4LIqoAWotavo7xdvYngwqGML.png","name":"Toei
        Animation","origin_country":"JP"}],"production_countries":[{"iso_3166_1":"JP","name":"Japan"},{"iso_3166_1":"US","name":"United
        States of America"}],"release_date":"2023-04-27","revenue":6794519,"runtime":112,"spoken_languages":[{"english_name":"English","iso_639_1":"en","name":"English"}],"status":"Released","tagline":"Go
        beyond your destiny.","title":"Knights of the Zodiac","video":false,"vote_average":6.533,"vote_count":318}'
  recorded_at: Fri, 07 Jul 2023 19:55:18 GMT
- request:
    method: get
    uri: https://api.themoviedb.org/3/movie/455476
    body:
      encoding: US-ASCII
      string: ''
    headers:
      Authorization:
      - Hide_API
      User-Agent:
      - Faraday v2.7.10
      Accept-Encoding:
      - gzip;q=1.0,deflate;q=0.6,identity;q=0.3
      Accept:
      - "*/*"
  response:
    status:
      code: 200
      message: OK
    headers:
      Content-Type:
      - application/json;charset=utf-8
      Transfer-Encoding:
      - chunked
      Connection:
      - keep-alive
      Date:
      - Fri, 07 Jul 2023 20:44:40 GMT
      Server:
      - openresty
      Cache-Control:
      - public, max-age=25305
      X-Memc:
      - HIT
      X-Memc-Key:
      - 50e253f7e3769df8918cea1862b1c972
      X-Memc-Age:
      - '3482'
      X-Memc-Expires:
      - '19723'
      Etag:
      - W/"1192fde4326a260f1802f136865e9bdc"
      Vary:
      - Accept-Encoding
      - Origin
      X-Cache:
      - Miss from cloudfront
      Via:
      - 1.1 181a665d1a0b3047b4fa647eeabfb330.cloudfront.net (CloudFront)
      X-Amz-Cf-Pop:
      - IAD55-P3
      Alt-Svc:
      - h3=":443"; ma=86400
      X-Amz-Cf-Id:
      - wc7P6EFKYkpab9pY2MJooS_pyqWRmdIDlHGygM-Olrct3M7js8ydeQ==
    body:
      encoding: ASCII-8BIT
      string: '{"adult":false,"backdrop_path":"/oqP1qEZccq5AD9TVTIaO6IGUj7o.jpg","belongs_to_collection":null,"budget":60000000,"genres":[{"id":14,"name":"Fantasy"},{"id":28,"name":"Action"},{"id":12,"name":"Adventure"}],"homepage":"https://kotzmovie.com","id":455476,"imdb_id":"tt6528290","original_language":"en","original_title":"Knights
        of the Zodiac","overview":"When a headstrong street orphan, Seiya, in search
        of his abducted sister unwittingly taps into hidden powers, he discovers he
        might be the only person alive who can protect a reincarnated goddess, sent
        to watch over humanity. Can he let his past go and embrace his destiny to
        become a Knight of the Zodiac?","popularity":3369.887,"poster_path":"/qW4crfED8mpNDadSmMdi7ZDzhXF.jpg","production_companies":[{"id":11341,"logo_path":"/xytTBODEy3p20ksHL4Ftxr483Iv.png","name":"Stage
        6 Films","origin_country":"US"},{"id":5542,"logo_path":"/ayE4LIqoAWotavo7xdvYngwqGML.png","name":"Toei
        Animation","origin_country":"JP"}],"production_countries":[{"iso_3166_1":"JP","name":"Japan"},{"iso_3166_1":"US","name":"United
        States of America"}],"release_date":"2023-04-27","revenue":6794519,"runtime":112,"spoken_languages":[{"english_name":"English","iso_639_1":"en","name":"English"}],"status":"Released","tagline":"Go
        beyond your destiny.","title":"Knights of the Zodiac","video":false,"vote_average":6.575,"vote_count":326}'
  recorded_at: Fri, 07 Jul 2023 20:44:40 GMT
- request:
    method: get
    uri: https://api.themoviedb.org/3/movie/455476
    body:
      encoding: US-ASCII
      string: ''
    headers:
      Authorization:
      - Hide_API
      User-Agent:
      - Faraday v2.7.10
      Accept-Encoding:
      - gzip;q=1.0,deflate;q=0.6,identity;q=0.3
      Accept:
      - "*/*"
  response:
    status:
      code: 200
      message: OK
    headers:
      Content-Type:
      - application/json;charset=utf-8
      Transfer-Encoding:
      - chunked
      Connection:
      - keep-alive
      Date:
      - Fri, 07 Jul 2023 20:44:40 GMT
      Server:
      - openresty
      Cache-Control:
      - public, max-age=25305
      X-Memc:
      - HIT
      X-Memc-Key:
      - 50e253f7e3769df8918cea1862b1c972
      X-Memc-Age:
      - '3482'
      X-Memc-Expires:
      - '19723'
      Etag:
      - W/"1192fde4326a260f1802f136865e9bdc"
      Vary:
      - Accept-Encoding
      - Origin
      X-Cache:
      - Hit from cloudfront
      Via:
      - 1.1 c889e9448c63bb4bf9dd41fcb2250e08.cloudfront.net (CloudFront)
      X-Amz-Cf-Pop:
      - IAD89-C3
      Alt-Svc:
      - h3=":443"; ma=86400
      X-Amz-Cf-Id:
      - Lo2I2NrwH25M3Ep1CPiyZpkw9EbmuC1xtifvVgWx8a1N9n88-b023g==
      Age:
      - '98'
    body:
      encoding: ASCII-8BIT
      string: '{"adult":false,"backdrop_path":"/oqP1qEZccq5AD9TVTIaO6IGUj7o.jpg","belongs_to_collection":null,"budget":60000000,"genres":[{"id":14,"name":"Fantasy"},{"id":28,"name":"Action"},{"id":12,"name":"Adventure"}],"homepage":"https://kotzmovie.com","id":455476,"imdb_id":"tt6528290","original_language":"en","original_title":"Knights
        of the Zodiac","overview":"When a headstrong street orphan, Seiya, in search
        of his abducted sister unwittingly taps into hidden powers, he discovers he
        might be the only person alive who can protect a reincarnated goddess, sent
        to watch over humanity. Can he let his past go and embrace his destiny to
        become a Knight of the Zodiac?","popularity":3369.887,"poster_path":"/qW4crfED8mpNDadSmMdi7ZDzhXF.jpg","production_companies":[{"id":11341,"logo_path":"/xytTBODEy3p20ksHL4Ftxr483Iv.png","name":"Stage
        6 Films","origin_country":"US"},{"id":5542,"logo_path":"/ayE4LIqoAWotavo7xdvYngwqGML.png","name":"Toei
        Animation","origin_country":"JP"}],"production_countries":[{"iso_3166_1":"JP","name":"Japan"},{"iso_3166_1":"US","name":"United
        States of America"}],"release_date":"2023-04-27","revenue":6794519,"runtime":112,"spoken_languages":[{"english_name":"English","iso_639_1":"en","name":"English"}],"status":"Released","tagline":"Go
        beyond your destiny.","title":"Knights of the Zodiac","video":false,"vote_average":6.575,"vote_count":326}'
  recorded_at: Fri, 07 Jul 2023 20:46:18 GMT
- request:
    method: get
    uri: https://api.themoviedb.org/3/movie/455476
    body:
      encoding: US-ASCII
      string: ''
    headers:
      Authorization:
      - Hide_API
      User-Agent:
      - Faraday v2.7.10
      Accept-Encoding:
      - gzip;q=1.0,deflate;q=0.6,identity;q=0.3
      Accept:
      - "*/*"
  response:
    status:
      code: 200
      message: OK
    headers:
      Content-Type:
      - application/json;charset=utf-8
      Transfer-Encoding:
      - chunked
      Connection:
      - keep-alive
      Date:
      - Fri, 07 Jul 2023 20:44:40 GMT
      Server:
      - openresty
      Cache-Control:
      - public, max-age=25305
      X-Memc:
      - HIT
      X-Memc-Key:
      - 50e253f7e3769df8918cea1862b1c972
      X-Memc-Age:
      - '3482'
      X-Memc-Expires:
      - '19723'
      Etag:
      - W/"1192fde4326a260f1802f136865e9bdc"
      Vary:
      - Accept-Encoding
      - Origin
      X-Cache:
      - Hit from cloudfront
      Via:
      - 1.1 20579d8c7e6a7d159f211e9ee1d4003c.cloudfront.net (CloudFront)
      X-Amz-Cf-Pop:
      - IAD89-C3
      Alt-Svc:
      - h3=":443"; ma=86400
      X-Amz-Cf-Id:
      - 7VQDQfK5t7bB7ENhcEp-dsvjVh30CBYNlRPryQPo29_E4EZ5-6tiPQ==
      Age:
      - '105'
    body:
      encoding: ASCII-8BIT
      string: '{"adult":false,"backdrop_path":"/oqP1qEZccq5AD9TVTIaO6IGUj7o.jpg","belongs_to_collection":null,"budget":60000000,"genres":[{"id":14,"name":"Fantasy"},{"id":28,"name":"Action"},{"id":12,"name":"Adventure"}],"homepage":"https://kotzmovie.com","id":455476,"imdb_id":"tt6528290","original_language":"en","original_title":"Knights
        of the Zodiac","overview":"When a headstrong street orphan, Seiya, in search
        of his abducted sister unwittingly taps into hidden powers, he discovers he
        might be the only person alive who can protect a reincarnated goddess, sent
        to watch over humanity. Can he let his past go and embrace his destiny to
        become a Knight of the Zodiac?","popularity":3369.887,"poster_path":"/qW4crfED8mpNDadSmMdi7ZDzhXF.jpg","production_companies":[{"id":11341,"logo_path":"/xytTBODEy3p20ksHL4Ftxr483Iv.png","name":"Stage
        6 Films","origin_country":"US"},{"id":5542,"logo_path":"/ayE4LIqoAWotavo7xdvYngwqGML.png","name":"Toei
        Animation","origin_country":"JP"}],"production_countries":[{"iso_3166_1":"JP","name":"Japan"},{"iso_3166_1":"US","name":"United
        States of America"}],"release_date":"2023-04-27","revenue":6794519,"runtime":112,"spoken_languages":[{"english_name":"English","iso_639_1":"en","name":"English"}],"status":"Released","tagline":"Go
        beyond your destiny.","title":"Knights of the Zodiac","video":false,"vote_average":6.575,"vote_count":326}'
  recorded_at: Fri, 07 Jul 2023 20:46:25 GMT
- request:
    method: get
    uri: https://api.themoviedb.org/3/movie/455476
    body:
      encoding: US-ASCII
      string: ''
    headers:
      Authorization:
      - Hide_API
      User-Agent:
      - Faraday v2.7.10
      Accept-Encoding:
      - gzip;q=1.0,deflate;q=0.6,identity;q=0.3
      Accept:
      - "*/*"
  response:
    status:
      code: 200
      message: OK
    headers:
      Content-Type:
      - application/json;charset=utf-8
      Transfer-Encoding:
      - chunked
      Connection:
      - keep-alive
      Date:
      - Fri, 07 Jul 2023 20:44:40 GMT
      Server:
      - openresty
      Cache-Control:
      - public, max-age=25305
      X-Memc:
      - HIT
      X-Memc-Key:
      - 50e253f7e3769df8918cea1862b1c972
      X-Memc-Age:
      - '3482'
      X-Memc-Expires:
      - '19723'
      Etag:
      - W/"1192fde4326a260f1802f136865e9bdc"
      Vary:
      - Accept-Encoding
      - Origin
      X-Cache:
      - Hit from cloudfront
      Via:
      - 1.1 7eefe38d76087dfad8e2f0b7702246ee.cloudfront.net (CloudFront)
      X-Amz-Cf-Pop:
      - IAD89-C3
      Alt-Svc:
      - h3=":443"; ma=86400
      X-Amz-Cf-Id:
      - jurfy2BPYLt8T4HxnSGKf8wT3hVkXhLwGUhEkxis4wYNOEqr6459eA==
      Age:
      - '132'
    body:
      encoding: ASCII-8BIT
      string: '{"adult":false,"backdrop_path":"/oqP1qEZccq5AD9TVTIaO6IGUj7o.jpg","belongs_to_collection":null,"budget":60000000,"genres":[{"id":14,"name":"Fantasy"},{"id":28,"name":"Action"},{"id":12,"name":"Adventure"}],"homepage":"https://kotzmovie.com","id":455476,"imdb_id":"tt6528290","original_language":"en","original_title":"Knights
        of the Zodiac","overview":"When a headstrong street orphan, Seiya, in search
        of his abducted sister unwittingly taps into hidden powers, he discovers he
        might be the only person alive who can protect a reincarnated goddess, sent
        to watch over humanity. Can he let his past go and embrace his destiny to
        become a Knight of the Zodiac?","popularity":3369.887,"poster_path":"/qW4crfED8mpNDadSmMdi7ZDzhXF.jpg","production_companies":[{"id":11341,"logo_path":"/xytTBODEy3p20ksHL4Ftxr483Iv.png","name":"Stage
        6 Films","origin_country":"US"},{"id":5542,"logo_path":"/ayE4LIqoAWotavo7xdvYngwqGML.png","name":"Toei
        Animation","origin_country":"JP"}],"production_countries":[{"iso_3166_1":"JP","name":"Japan"},{"iso_3166_1":"US","name":"United
        States of America"}],"release_date":"2023-04-27","revenue":6794519,"runtime":112,"spoken_languages":[{"english_name":"English","iso_639_1":"en","name":"English"}],"status":"Released","tagline":"Go
        beyond your destiny.","title":"Knights of the Zodiac","video":false,"vote_average":6.575,"vote_count":326}'
  recorded_at: Fri, 07 Jul 2023 20:46:52 GMT
recorded_with: VCR 6.2.0
